// Jest Snapshot v1, https://goo.gl/fbAQLP

exports[`ğŸšª Core > PersistGate: renders loader and rehydrates with async storage 1`] = `null`;

exports[`ğŸšª Core > PersistGate: renders loader and rehydrates with sync storage 1`] = `
<View>
  <Text>
    My App
  </Text>
</View>
`;
