// Jest Snapshot v1, https://goo.gl/fbAQLP

exports[`ğŸš§ Core > PersistGate: renders correctly 1`] = `
<View>
  <Text>
    My App
  </Text>
</View>
`;
